{
    "errors": {
        "structured_data": [
            "pjstarter::validation.json"
        ]
    }
}
