{
    "errors": {
        "canonical_url": [
            "pjstarter::validation.url"
        ]
    }
}
