{
    "errors": {
        "title": [
            "pjutils::validation.required"
        ]
    }
}
