<!DOCTYPE html>
<html lang="test">
<head>
    <meta charset="UTF-8">
    <meta name="viewport" content="width=device-width, user-scalable=no, initial-scale=1.0, maximum-scale=1.0, minimum-scale=1.0">
    <meta http-equiv="X-UA-Compatible" content="ie=edge">
    <meta name="csrf-token" content="{CSRF-TOKEN}">
    <title> pjstarter::pages.static_pages.edit_page - About us  - App</title>
        <link rel="preconnect" href="https://fonts.googleapis.com">
    <link rel="preconnect" href="https://fonts.gstatic.com" crossorigin>
    <link href="https://fonts.googleapis.com/css2?family=Outfit:wght@200;400;500;700&amp;display=swap" rel="stylesheet">
    <link rel="stylesheet" href="http://localhost/vendor/pjutils/assets/main.css">

            <link rel="stylesheet" href="http://localhost/vendor/pjstarter/assets/app.css">
        <script src="http://localhost/vendor/pjstarter/assets/main.js" defer type="module"></script>
        <link rel="stylesheet" href="http://localhost/vendor/pjstarter/assets/tailwind.css">
    
            <link rel="icon" type="image/svg+xml" href="http://localhost/images/logo/favicon.svg">
    
        </head>
<body>

    <div class="base-layer">
        <div class="navigation">
    <div class="app-name">
        <div class="initials">
            AP
        </div>

        <a href="/dashboard">App</a>
    </div>

    <div class="items">
                    <div class="item-wrapper">
    <a href="http://localhost/admin/dashboard" class="item">
        <span class="text">pjstarter::general.dashboard</span>

            </a>

    </div>                    <div class="item-wrapper">
    <a href="http://localhost/admin/static-pages" class="item active">
        <span class="text">pjstarter::pages.static_pages.title</span>

            </a>

    </div>                    <div class="item-wrapper">
    <a href="http://localhost/admin/metadata" class="item">
        <span class="text">pjstarter::pages.metadata.title</span>

            </a>

    </div>            </div>

    <div class="user">
        <div class="initials">
            SA
        </div>

        <div class="info">
            <div class="name">
                Super Admin
            </div>
            <div class="email">
                super@example.com
            </div>
        </div>

        <div class="button">
            <div class="arrow-wrapper">
    <i class="arrow right"></i>
</div>        </div>
    </div>
</div>

<div class="user-items">
            <div class="group">
                            <a href="http://localhost/admin/profile" class="item">
                    <span class="text">pjstarter::pages.profile.title</span>
                </a>
                    </div>
        <div class="group">
        <form method="POST" action="http://localhost/api/logout" class="item logout-form">
            <input type="hidden" name="_token" value="{TOKEN}" autocomplete="off">            <a href="http://localhost/api/logout" class="text">pjstarter::general.logout</a>
        </form>
    </div>
</div>
        <div class="content">
            <div class="header">
                <h1>pjstarter::pages.static_pages.edit_page - About us</h1>

                            </div>

            <div class="body">
                <div class="page-create">
        <div class="grid-2-items">
            <div class="card">
                <p class="title">pjstarter::pages.static_pages.edit_page</p>
                <form method="POST" action="http://localhost/admin/api/static-pages/594f620b-47a4-4d77-87de-38289b56ba8c" data-redirect="http://localhost/admin/static-pages">
    <input type="hidden" name="_token" value="{TOKEN}" autocomplete="off">
            <input type="hidden" name="_method" value="PUT">    
    <div class="pj-classic">
            <label for="name">pjstarter::pages.static_pages.name</label>
    
            <input type="text" id="name" name="name" value="About us">
    
    </div>

            <button class="pj-btn" type="submit">
        pjstarter::general.edit
            </button>
    </form>            </div>

            <div class="card">
                <p class="title">pjstarter::pages.static_pages.url</p>

                <form method="POST" action="http://localhost/admin/api/slugs/7f03daf7-955d-4d58-9d65-30e589d3cd89" data-redirect="http://localhost/admin/static-pages">
    <input type="hidden" name="_token" value="{TOKEN}" autocomplete="off">
            <input type="hidden" name="_method" value="PUT">    
    <div class="pj-classic">
            <label for="prefix">pjstarter::pages.static_pages.prefix</label>
    
            <input type="text" id="prefix" name="prefix">
    
    </div>
                    <div class="pj-classic">
            <label for="slug">pjstarter::pages.static_pages.slug</label>
    
            <input type="text" id="slug" name="slug" value="about-us">
    
    </div>

            <button class="pj-btn" type="submit">
        pjstarter::general.edit
            </button>
    </form>            </div>
        </div>
    </div>
            </div>
        </div>
    </div>

</body>
</html>
