{
    "message": "pjutils::validation.max.string",
    "errors": {
        "name": [
            "pjutils::validation.max.string"
        ]
    }
}
