{
    "message": "pjutils::validation.required",
    "errors": {
        "title": [
            "pjutils::validation.required"
        ]
    }
}
