<!DOCTYPE html>
<html lang="test">
<head>
    <meta charset="UTF-8">
    <meta name="viewport" content="width=device-width, user-scalable=no, initial-scale=1.0, maximum-scale=1.0, minimum-scale=1.0">
    <meta http-equiv="X-UA-Compatible" content="ie=edge">
    <meta name="csrf-token" content="{CSRF-TOKEN}">
    <title> pjstarter::pages.users.roles.title  - App</title>
        <link rel="preconnect" href="https://fonts.googleapis.com">
    <link rel="preconnect" href="https://fonts.gstatic.com" crossorigin>
    <link href="https://fonts.googleapis.com/css2?family=Outfit:wght@200;400;500;700&amp;display=swap" rel="stylesheet">
    <link rel="stylesheet" href="http://localhost/vendor/pjutils/assets/main.css">

            <link rel="stylesheet" href="http://localhost/vendor/pjstarter/assets/app.css">
        <script src="http://localhost/vendor/pjstarter/assets/main.js" defer type="module"></script>
        <link rel="stylesheet" href="http://localhost/vendor/pjstarter/assets/tailwind.css">
    
            <link rel="icon" type="image/svg+xml" href="http://localhost/images/logo/favicon.svg">
    
        </head>
<body>

    <div class="base-layer">
        <div class="navigation">
    <div class="app-name">
        <div class="initials">
            AP
        </div>

        <a href="/dashboard">App</a>
    </div>

    <div class="items">
                    <div class="item-wrapper">
    <a href="http://localhost/dashboard" class="item">
        <span class="text">pjstarter::general.dashboard</span>

            </a>

    </div>                    <div class="item-wrapper has-sub-items active">
    <a href="http://localhost/users" class="item">
        <span class="text">pjstarter::pages.users.title</span>

                    <div class="arrow-wrapper">
    <i class="arrow up"></i>
</div>            </a>

            <div class="sub-items">
                            <div class="item-wrapper">
    <a href="http://localhost/users/roles" class="item active">
        <span class="text">pjstarter::pages.users.roles.title</span>

            </a>

    </div>                    </div>
    </div>            </div>

    <div class="user">
        <div class="initials">
            AD
        </div>

        <div class="info">
            <div class="name">
                Admin
            </div>
            <div class="email">
                admin@example.com
            </div>
        </div>

        <div class="button">
            <div class="arrow-wrapper">
    <i class="arrow right"></i>
</div>        </div>
    </div>
</div>

<div class="user-items">
            <div class="group">
                            <a href="http://localhost/profile" class="item">
                    <span class="text">pjstarter::pages.profile.title</span>
                </a>
                    </div>
        <div class="group">
        <form method="POST" action="http://localhost/api/logout" class="item logout-form">
            <input type="hidden" name="_token" value="{TOKEN}" autocomplete="off">            <a href="http://localhost/api/logout" class="text">pjstarter::general.logout</a>
        </form>
    </div>
</div>
        <div class="content">
            <div class="header">
                <h1>pjstarter::pages.users.roles.title</h1>

                            </div>

            <div class="body">
                <div class="users-role">
        <div class="pj-table-wrapper" id="roles-table" data-html-parts-url="http://localhost/api/users/roles/table-parts">
    
    <div class="table-wrapper">
        <table class="pj-table">

            <thead>
    <tr>
        
        
                    <th>pjstarter::pages.users.roles.name</th>
        
                    <th class="actions"></th>
            </tr>
</thead>            <tbody>
            <tr id="2" data-hidden-actions="manage_permissions">
    
    
            <td class="link name">
    <a href="http://localhost/users/roles/2">ADMIN</a>
</td>    
                        <td></td>
            </tr>            <tr id="3">
    
    
            <td class="link name">
    <a href="http://localhost/users/roles/3">USER</a>
</td>    
                        <td class="actions" data-manage_permissions-href="http://localhost/users/roles/3/permissions">
    <div class="hellip">
        <div></div>
        <div></div>
        <div></div>
    </div>
</td>            </tr>    </tbody>
                            <div class="table-actions">
            <div class="action manage_permissions neutral">
    
    <div class="label">
        <p>pjstarter::pages.users.roles.manage_permissions</p>
    </div>
</div>    </div>                    </table>
    </div>

    
            <div class="pagination">
    <div class="page-size" data-href="http://localhost/api/users/roles/table-parts">
    <div class="pj-dropdown">
    
    <div class="dropdown-wrapper">
        <div class="items">
            <div class="chosen" data-value="10">
    <span class="label">10</span>

    <div class="arrow-wrapper">
    <i class="arrow down"></i>
</div>
</div>
            <div class="all-items">
                                    <div class="pj-dropdown-item" data-value="10">
    10
</div>                                    <div class="pj-dropdown-item" data-value="20">
    20
</div>                                    <div class="pj-dropdown-item" data-value="50">
    50
</div>                                    <div class="pj-dropdown-item" data-value="100">
    100
</div>                            </div>
        </div>
    </div>
</div>
</div>
    <div class="links">
                    <a href="" class="link arrow disabled">
                    <div class="arrows">
                                    <svg xmlns="http://www.w3.org/2000/svg" width="24" height="24" fill="none">
                        <path d="M14 16L10 12L14 8" stroke="#010722" stroke-width="2" stroke-miterlimit="10" stroke-linecap="square"></path>
                    </svg>
                            </div>
            </a>

                    <a href="http://localhost/api/users/roles/table-parts?page=1" class="link active">
                    <span class="page-number">1</span>
            </a>

                    <a href="" class="link arrow disabled">
                    <div class="arrows">
                                    <svg xmlns="http://www.w3.org/2000/svg" width="24" height="24" fill="none">
                        <rect width="24" height="24" fill="white"></rect>
                        <path d="M10 8L14 12L10 16" stroke="#010722" stroke-width="2" stroke-miterlimit="10" stroke-linecap="square"></path>
                    </svg>
                            </div>
            </a>

            </div>
</div>    </div>    </div>
            </div>
        </div>
    </div>

</body>
</html>
