<!DOCTYPE html>
<html lang="test">
<head>
    <meta charset="UTF-8">
    <meta name="viewport" content="width=device-width, user-scalable=no, initial-scale=1.0, maximum-scale=1.0, minimum-scale=1.0">
    <meta http-equiv="X-UA-Compatible" content="ie=edge">
    <meta name="csrf-token" content="{CSRF-TOKEN}">
    <title> pjstarter::general.password_change  - App</title>
        <link rel="preconnect" href="https://fonts.googleapis.com">
    <link rel="preconnect" href="https://fonts.gstatic.com" crossorigin>
    <link href="https://fonts.googleapis.com/css2?family=Outfit:wght@200;400;500;700&amp;display=swap" rel="stylesheet">
    <link rel="stylesheet" href="http://localhost/vendor/pjutils/assets/main.css">

            <link rel="stylesheet" href="http://localhost/vendor/pjstarter/assets/app.css">
        <script src="http://localhost/vendor/pjstarter/assets/main.js" defer type="module"></script>
    
            <link rel="icon" type="image/svg+xml" href="http://localhost/images/logo/favicon.svg">
    
        </head>
<body>

    <div class="base-layer">
        <div class="navigation">
    <div class="app-name">
        <div class="initials">
            AP
        </div>

        <a href="/dashboard">App</a>
    </div>

    <div class="items">
                    <a href="http://localhost/dashboard" class="item">
                <span class="text">pjstarter::general.dashboard</span>
            </a>
            </div>

    <div class="user">
        <div class="initials">
            TE
        </div>

        <div class="info">
            <div class="name">
                Tester
            </div>
            <div class="email">
                tester@example.com
            </div>
        </div>

        <div class="button">
            <div class="arrow-wrapper">
    <i class="arrow right"></i>
</div>        </div>
    </div>
</div>

<div class="user-items">
            <div class="group">
                            <a href="http://localhost/profile" class="item">
                    <span class="text">pjstarter::general.profile</span>
                </a>
                    </div>
        <div class="group">
        <form method="POST" action="http://localhost/api/logout" class="item logout-form">
            <input type="hidden" name="_token" value="{TOKEN}" autocomplete="off">            <a href="http://localhost/api/logout" class="text">pjstarter::general.logout</a>
        </form>
    </div>
</div>
        <div class="content">
            <div class="header">
                <h1>pjstarter::general.password_change</h1>

                            </div>

            <div class="body">
                <div class="profile">
        <div class="card w-2/5">
            <p class="title">pjstarter::general.set_new_password</p>
            
            <form method="POST" action="http://localhost/api/change-password">
    <input type="hidden" name="_token" value="{TOKEN}" autocomplete="off">
            <input type="hidden" name="_method" value="PATCH">    
    <div class="pj-classic">
    
            <input type="hidden" id="validate_current_password" name="validate_current_password" value="0">
    
    </div>
                <div class="pj-classic iconic">
            <label for="password">pjauth::forms.password</label>
    
            <div class="input">
            <input type="password" id="password" class="password hidden" name="password">

            <div class="icon eye-icon">
                <svg xmlns="http://www.w3.org/2000/svg" viewbox="0 0 576 512"><!--!Font Awesome Free 6.6.0 by @fontawesome - https://fontawesome.com License - https://fontawesome.com/license/free Copyright 2024 Fonticons, Inc.--><path d="M288 80c-65.2 0-118.8 29.6-159.9 67.7C89.6 183.5 63 226 49.4 256c13.6 30 40.2 72.5 78.6 108.3C169.2 402.4 222.8 432 288 432s118.8-29.6 159.9-67.7C486.4 328.5 513 286 526.6 256c-13.6-30-40.2-72.5-78.6-108.3C406.8 109.6 353.2 80 288 80zM95.4 112.6C142.5 68.8 207.2 32 288 32s145.5 36.8 192.6 80.6c46.8 43.5 78.1 95.4 93 131.1c3.3 7.9 3.3 16.7 0 24.6c-14.9 35.7-46.2 87.7-93 131.1C433.5 443.2 368.8 480 288 480s-145.5-36.8-192.6-80.6C48.6 356 17.3 304 2.5 268.3c-3.3-7.9-3.3-16.7 0-24.6C17.3 208 48.6 156 95.4 112.6zM288 336c44.2 0 80-35.8 80-80s-35.8-80-80-80c-.7 0-1.3 0-2 0c1.3 5.1 2 10.5 2 16c0 35.3-28.7 64-64 64c-5.5 0-10.9-.7-16-2c0 .7 0 1.3 0 2c0 44.2 35.8 80 80 80zm0-208a128 128 0 1 1 0 256 128 128 0 1 1 0-256z"></path></svg>
            </div>
        </div>
    
    </div>
    <div class="pj-classic iconic">
            <label for="password_confirmation">pjauth::forms.password_confirmation</label>
    
            <div class="input">
            <input type="password" id="password_confirmation" class="password hidden" name="password_confirmation" autocomplete="" placeholder="">

            <div class="icon eye-icon">
                <svg xmlns="http://www.w3.org/2000/svg" viewbox="0 0 576 512"><!--!Font Awesome Free 6.6.0 by @fontawesome - https://fontawesome.com License - https://fontawesome.com/license/free Copyright 2024 Fonticons, Inc.--><path d="M288 80c-65.2 0-118.8 29.6-159.9 67.7C89.6 183.5 63 226 49.4 256c13.6 30 40.2 72.5 78.6 108.3C169.2 402.4 222.8 432 288 432s118.8-29.6 159.9-67.7C486.4 328.5 513 286 526.6 256c-13.6-30-40.2-72.5-78.6-108.3C406.8 109.6 353.2 80 288 80zM95.4 112.6C142.5 68.8 207.2 32 288 32s145.5 36.8 192.6 80.6c46.8 43.5 78.1 95.4 93 131.1c3.3 7.9 3.3 16.7 0 24.6c-14.9 35.7-46.2 87.7-93 131.1C433.5 443.2 368.8 480 288 480s-145.5-36.8-192.6-80.6C48.6 356 17.3 304 2.5 268.3c-3.3-7.9-3.3-16.7 0-24.6C17.3 208 48.6 156 95.4 112.6zM288 336c44.2 0 80-35.8 80-80s-35.8-80-80-80c-.7 0-1.3 0-2 0c1.3 5.1 2 10.5 2 16c0 35.3-28.7 64-64 64c-5.5 0-10.9-.7-16-2c0 .7 0 1.3 0 2c0 44.2 35.8 80 80 80zm0-208a128 128 0 1 1 0 256 128 128 0 1 1 0-256z"></path></svg>
            </div>
        </div>
    
    </div>

            <button class="pj-btn" type="submit">
        pjstarter::general.change_password
            </button>
    </form>        </div>
    </div>
            </div>
        </div>
    </div>

</body>
</html>
