{
    "errors": {
        "slug": [
            "pjstarter::validation.slug"
        ]
    }
}
