{
    "errors": {
        "slug": [
            "pjutils::validation.unique"
        ]
    }
}
