{
    "errors": {
        "slug": [
            "pjutils::validation.max.string"
        ]
    }
}
