<html><body>
<div class="navigation">
    <div class="app-name">
        <div class="initials">
            AP
        </div>

        <a href="/dashboard">App</a>
    </div>

    <div class="items">
                    <a href="http://localhost/dashboard" class="item">
                <span class="text">pjstarter::general.dashboard</span>
            </a>
            </div>

    <div class="user">
        <div class="initials">
            TE
        </div>

        <div class="info">
            <div class="name">
                Tester
            </div>
            <div class="email">
                tester@example.com
            </div>
        </div>

        <div class="button">
            <div class="arrow-wrapper">
    <i class="arrow right"></i>
</div>        </div>
    </div>
</div>

<div class="user-items">
        <div class="group">
        <form method="POST" action="http://localhost/api/logout" class="item logout-form">
            <input type="hidden" name="_token" value="{TOKEN}" autocomplete="off">            <a href="http://localhost/api/logout" class="text">pjstarter::general.logout</a>
        </form>
    </div>
</div>
</body></html>
