<html><body>
<div class="navigation">
    <div class="app-name">
        <div class="initials">
            AP
        </div>

        <a href="home.url">App</a>
    </div>

    <div class="items">
                    <div class="item-wrapper">
    <a href="http://localhost/admin/dashboard" class="item">
        <span class="text">pjstarter::general.dashboard</span>

            </a>

    </div>                    <div class="item-wrapper">
    <a href="feature-url" class="item active">
        <span class="text">Feature</span>

            </a>

    </div>                    <div class="item-wrapper">
    <a href="another-feature-url" class="item active">
        <span class="text">Another Feature</span>

            </a>

    </div>                    <div class="item-wrapper">
    <a href="feature-hidden-url" class="item active">
        <span class="text">Feature not for tester</span>

            </a>

    </div>                    <div class="item-wrapper has-sub-items active">
    <a href="item-with-subitems-url" class="item">
        <span class="text">Item with subitems</span>

                    <div class="arrow-wrapper">
    <i class="arrow up"></i>
</div>            </a>

            <div class="sub-items">
                            <div class="item-wrapper">
    <a href="subitem-1-url" class="item active">
        <span class="text">Subitem 1</span>

            </a>

    </div>                            <div class="item-wrapper">
    <a href="subitem-2-url" class="item active">
        <span class="text">Subitem 2</span>

            </a>

    </div>                    </div>
    </div>                    <div class="item-wrapper has-sub-items active">
    <a href="more-subitems-url" class="item">
        <span class="text">More subitems</span>

                    <div class="arrow-wrapper">
    <i class="arrow up"></i>
</div>            </a>

            <div class="sub-items">
                            <div class="item-wrapper has-sub-items active">
    <a href="subitem-3-url" class="item">
        <span class="text">Subitem 3</span>

                    <div class="arrow-wrapper">
    <i class="arrow up"></i>
</div>            </a>

            <div class="sub-items">
                            <div class="item-wrapper">
    <a href="subitem-3-1-url" class="item active">
        <span class="text">Subitem 3.1</span>

            </a>

    </div>                            <div class="item-wrapper">
    <a href="subitem-3-2-url" class="item active">
        <span class="text">Subitem 3.2</span>

            </a>

    </div>                    </div>
    </div>                            <div class="item-wrapper">
    <a href="subitem-4-url" class="item active">
        <span class="text">Subitem 4</span>

            </a>

    </div>                    </div>
    </div>            </div>

    <div class="user">
        <div class="initials">
            US
        </div>

        <div class="info">
            <div class="name">
                User
            </div>
            <div class="email">
                user@example.com
            </div>
        </div>

        <div class="button">
            <div class="arrow-wrapper">
    <i class="arrow right"></i>
</div>        </div>
    </div>
</div>

<div class="user-items">
            <div class="group">
                            <a href="http://localhost/admin/profile" class="item">
                    <span class="text">pjstarter::pages.profile.title</span>
                </a>
                            <a href="user_action-url" class="item active">
                    <span class="text">User Action</span>
                </a>
                            <a href="another_user_action-url" class="item custom-class active">
                    <span class="text">Another User Action</span>
                </a>
                    </div>
        <div class="group">
        <form method="POST" action="http://localhost/api/logout" class="item logout-form">
            <input type="hidden" name="_token" value="{TOKEN}" autocomplete="off">            <a href="http://localhost/api/logout" class="text">pjstarter::general.logout</a>
        </form>
    </div>
</div>
</body></html>
