<!DOCTYPE html>
<html lang="test">
<head>
    <meta charset="UTF-8">
    <meta name="viewport" content="width=device-width, user-scalable=no, initial-scale=1.0, maximum-scale=1.0, minimum-scale=1.0">
    <meta http-equiv="X-UA-Compatible" content="ie=edge">
    <meta name="csrf-token" content="{CSRF-TOKEN}">
    <title> pjstarter::pages.articles.categories.title  - App</title>
        <link rel="preconnect" href="https://fonts.googleapis.com">
    <link rel="preconnect" href="https://fonts.gstatic.com" crossorigin>
    <link href="https://fonts.googleapis.com/css2?family=Outfit:wght@200;400;500;700&amp;display=swap" rel="stylesheet">
    <link rel="stylesheet" href="http://localhost/vendor/pjutils/assets/main.css">

            <link rel="stylesheet" href="http://localhost/vendor/pjstarter/assets/app.css">
        <script src="http://localhost/vendor/pjstarter/assets/main.js" defer type="module"></script>
        <link rel="stylesheet" href="http://localhost/vendor/pjstarter/assets/tailwind.css">
    
            <link rel="icon" type="image/svg+xml" href="http://localhost/images/logo/favicon.svg">
    
        </head>
<body>

    <div class="base-layer">
        <div class="navigation">
    <div class="app-name">
        <div class="initials">
            AP
        </div>

        <a href="/dashboard">App</a>
    </div>

    <div class="items">
                    <div class="item-wrapper">
    <a href="http://localhost/dashboard" class="item">
        <span class="text">pjstarter::general.dashboard</span>

            </a>

    </div>                    <div class="item-wrapper has-sub-items active">
    <a href="http://localhost/articles" class="item">
        <span class="text">pjstarter::pages.articles.title</span>

                    <div class="arrow-wrapper">
    <i class="arrow up"></i>
</div>            </a>

            <div class="sub-items">
                            <div class="item-wrapper">
    <a href="http://localhost/articles/categories" class="item active">
        <span class="text">pjstarter::pages.articles.categories.title</span>

            </a>

    </div>                    </div>
    </div>                    <div class="item-wrapper">
    <a href="http://localhost/authors" class="item">
        <span class="text">pjstarter::pages.authors.title</span>

            </a>

    </div>                    <div class="item-wrapper">
    <a href="http://localhost/metadata" class="item">
        <span class="text">pjstarter::pages.metadata.title</span>

            </a>

    </div>            </div>

    <div class="user">
        <div class="initials">
            AD
        </div>

        <div class="info">
            <div class="name">
                Admin
            </div>
            <div class="email">
                admin@example.com
            </div>
        </div>

        <div class="button">
            <div class="arrow-wrapper">
    <i class="arrow right"></i>
</div>        </div>
    </div>
</div>

<div class="user-items">
            <div class="group">
                            <a href="http://localhost/profile" class="item">
                    <span class="text">pjstarter::pages.profile.title</span>
                </a>
                    </div>
        <div class="group">
        <form method="POST" action="http://localhost/api/logout" class="item logout-form">
            <input type="hidden" name="_token" value="{TOKEN}" autocomplete="off">            <a href="http://localhost/api/logout" class="text">pjstarter::general.logout</a>
        </form>
    </div>
</div>
        <div class="content">
            <div class="header">
                <h1>pjstarter::pages.articles.categories.title</h1>

                                    <div class="actions">
                        <div class="action">
    <a href="http://localhost/articles/categories/create">
                    pjstarter::pages.articles.categories.create_new_category                </a>
</div>
                    </div>
                            </div>

            <div class="body">
                <div class="article-categories">
        <div class="pj-table-wrapper" id="article_categories-table" data-html-parts-url="http://localhost/api/articles/categories/table-parts">
    
    <div class="table-wrapper">
        <table class="pj-table">

            <thead>
    <tr>
        
                    <th>#</th>
        
                    <th>pjstarter::pages.articles.categories.name</th>
                    <th>URL</th>
                    <th>pjstarter::pages.articles.categories.description</th>
                    <th>pjstarter::general.created_at</th>
        
                    <th class="actions"></th>
            </tr>
</thead>            <tbody>
            <tr id="e13e5622-0acf-41e7-96b0-74d4fd41fb84">
    
            <td>1</td>
    
            <td class="link name">
    <a href="http://localhost/articles/categories/e13e5622-0acf-41e7-96b0-74d4fd41fb84">Testing Category</a>
</td>            <td class="link url">
    <a href="http://localhost/testing-category">http://localhost/testing-category</a>
</td>            <td class="simple description">
    
    Testing Category Description

    </td>            <td class="simple created_at">
    
    04.05.2025 20:17

    </td>    
                        <td class="actions" data-edit-href="http://localhost/articles/categories/e13e5622-0acf-41e7-96b0-74d4fd41fb84/edit" data-delete-href="http://localhost/api/articles/categories/e13e5622-0acf-41e7-96b0-74d4fd41fb84" data-delete-method="DELETE">
    <div class="hellip">
        <div></div>
        <div></div>
        <div></div>
    </div>
</td>            </tr>    </tbody>
                            <div class="table-actions">
            <div class="action edit neutral">
            <div class="icon edit-icon">
                            <svg xmlns="http://www.w3.org/2000/svg" viewbox="0 0 512 512"><!--!Font Awesome Free 6.6.0 by @fontawesome - https://fontawesome.com License - https://fontawesome.com/license/free Copyright 2024 Fonticons, Inc.--><path d="M441 58.9L453.1 71c9.4 9.4 9.4 24.6 0 33.9L424 134.1 377.9 88 407 58.9c9.4-9.4 24.6-9.4 33.9 0zM209.8 256.2L344 121.9 390.1 168 255.8 302.2c-2.9 2.9-6.5 5-10.4 6.1l-58.5 16.7 16.7-58.5c1.1-3.9 3.2-7.5 6.1-10.4zM373.1 25L175.8 222.2c-8.7 8.7-15 19.4-18.3 31.1l-28.6 100c-2.4 8.4-.1 17.4 6.1 23.6s15.2 8.5 23.6 6.1l100-28.6c11.8-3.4 22.5-9.7 31.1-18.3L487 138.9c28.1-28.1 28.1-73.7 0-101.8L474.9 25C446.8-3.1 401.2-3.1 373.1 25zM88 64C39.4 64 0 103.4 0 152L0 424c0 48.6 39.4 88 88 88l272 0c48.6 0 88-39.4 88-88l0-112c0-13.3-10.7-24-24-24s-24 10.7-24 24l0 112c0 22.1-17.9 40-40 40L88 464c-22.1 0-40-17.9-40-40l0-272c0-22.1 17.9-40 40-40l112 0c13.3 0 24-10.7 24-24s-10.7-24-24-24L88 64z"></path></svg>
                    </div>
    
    <div class="label">
        <p>pjstarter::general.edit</p>
    </div>
</div>            <div class="action delete danger">
            <div class="icon trash-icon">
                            <svg xmlns="http://www.w3.org/2000/svg" viewbox="0 0 448 512"><!--!Font Awesome Free 6.6.0 by @fontawesome - https://fontawesome.com License - https://fontawesome.com/license/free Copyright 2024 Fonticons, Inc.--><path d="M135.2 17.7C140.6 6.8 151.7 0 163.8 0L284.2 0c12.1 0 23.2 6.8 28.6 17.7L320 32l96 0c17.7 0 32 14.3 32 32s-14.3 32-32 32L32 96C14.3 96 0 81.7 0 64S14.3 32 32 32l96 0 7.2-14.3zM32 128l384 0 0 320c0 35.3-28.7 64-64 64L96 512c-35.3 0-64-28.7-64-64l0-320zm96 64c-8.8 0-16 7.2-16 16l0 224c0 8.8 7.2 16 16 16s16-7.2 16-16l0-224c0-8.8-7.2-16-16-16zm96 0c-8.8 0-16 7.2-16 16l0 224c0 8.8 7.2 16 16 16s16-7.2 16-16l0-224c0-8.8-7.2-16-16-16zm96 0c-8.8 0-16 7.2-16 16l0 224c0 8.8 7.2 16 16 16s16-7.2 16-16l0-224c0-8.8-7.2-16-16-16z"></path></svg>
                    </div>
    
    <div class="label">
        <p>pjstarter::general.delete</p>
    </div>
</div>    </div>                    </table>
    </div>

    
            <div class="pagination">
    <div class="page-size" data-href="http://localhost/api/articles/categories/table-parts">
    <div class="pj-dropdown">
    
    <div class="dropdown-wrapper">
        <div class="items">
            <div class="chosen" data-value="10">
    <span class="label">10</span>

    <div class="arrow-wrapper">
    <i class="arrow down"></i>
</div>
</div>
            <div class="all-items">
                                    <div class="pj-dropdown-item" data-value="10">
    10
</div>                                    <div class="pj-dropdown-item" data-value="20">
    20
</div>                                    <div class="pj-dropdown-item" data-value="50">
    50
</div>                                    <div class="pj-dropdown-item" data-value="100">
    100
</div>                            </div>
        </div>
    </div>
</div>
</div>
    <div class="links">
                    <a href="" class="link arrow disabled">
                    <div class="arrows">
                                    <svg xmlns="http://www.w3.org/2000/svg" width="24" height="24" fill="none">
                        <path d="M14 16L10 12L14 8" stroke="#010722" stroke-width="2" stroke-miterlimit="10" stroke-linecap="square"></path>
                    </svg>
                            </div>
            </a>

                    <a href="http://localhost/api/articles/categories/table-parts?page=1" class="link active">
                    <span class="page-number">1</span>
            </a>

                    <a href="" class="link arrow disabled">
                    <div class="arrows">
                                    <svg xmlns="http://www.w3.org/2000/svg" width="24" height="24" fill="none">
                        <rect width="24" height="24" fill="white"></rect>
                        <path d="M10 8L14 12L10 16" stroke="#010722" stroke-width="2" stroke-miterlimit="10" stroke-linecap="square"></path>
                    </svg>
                            </div>
            </a>

            </div>
</div>    </div>    </div>
            </div>
        </div>
    </div>

</body>
</html>
