<!DOCTYPE html>
<html lang="test">
<head>
    <meta charset="UTF-8">
    <meta name="viewport" content="width=device-width, user-scalable=no, initial-scale=1.0, maximum-scale=1.0, minimum-scale=1.0">
    <meta http-equiv="X-UA-Compatible" content="ie=edge">
    <meta name="csrf-token" content="{CSRF-TOKEN}">
    <title> pjstarter::pages.metadata.title - About us (pjstarter::pages.static_pages.metadatable_type)  - App</title>
        <link rel="preconnect" href="https://fonts.googleapis.com">
    <link rel="preconnect" href="https://fonts.gstatic.com" crossorigin>
    <link href="https://fonts.googleapis.com/css2?family=Outfit:wght@200;400;500;700&amp;display=swap" rel="stylesheet">
    <link rel="stylesheet" href="http://localhost/vendor/pjutils/assets/main.css">

            <link rel="stylesheet" href="http://localhost/vendor/pjstarter/assets/app.css">
        <script src="http://localhost/vendor/pjstarter/assets/main.js" defer type="module"></script>
    
            <link rel="icon" type="image/svg+xml" href="http://localhost/images/logo/favicon.svg">
    
        </head>
<body>

    <div class="base-layer">
        <div class="navigation">
    <div class="app-name">
        <div class="initials">
            AP
        </div>

        <a href="/dashboard">App</a>
    </div>

    <div class="items">
                    <div class="item-wrapper">
    <a href="http://localhost/dashboard" class="item">
        <span class="text">pjstarter::general.dashboard</span>

            </a>

    </div>                    <div class="item-wrapper">
    <a href="http://localhost/static-pages" class="item">
        <span class="text">pjstarter::pages.static_pages.title</span>

            </a>

    </div>                    <div class="item-wrapper">
    <a href="http://localhost/metadata" class="item active">
        <span class="text">pjstarter::pages.metadata.title</span>

            </a>

    </div>            </div>

    <div class="user">
        <div class="initials">
            AD
        </div>

        <div class="info">
            <div class="name">
                Admin
            </div>
            <div class="email">
                admin@example.com
            </div>
        </div>

        <div class="button">
            <div class="arrow-wrapper">
    <i class="arrow right"></i>
</div>        </div>
    </div>
</div>

<div class="user-items">
            <div class="group">
                            <a href="http://localhost/profile" class="item">
                    <span class="text">pjstarter::pages.profile.title</span>
                </a>
                    </div>
        <div class="group">
        <form method="POST" action="http://localhost/api/logout" class="item logout-form">
            <input type="hidden" name="_token" value="{TOKEN}" autocomplete="off">            <a href="http://localhost/api/logout" class="text">pjstarter::general.logout</a>
        </form>
    </div>
</div>
        <div class="content">
            <div class="header">
                <h1>pjstarter::pages.metadata.title - About us (pjstarter::pages.static_pages.metadatable_type)</h1>

                                    <div class="actions">
                        <div class="action">
    <a href="http://localhost/metadata/68828772-5b02-4a62-b800-8a8a07d5b0bd/edit">pjstarter::general.edit</a>
</div>
                    </div>
                            </div>

            <div class="body">
                <div class="card w-4/5 mx-auto">
        <div class="data">
            <p class="font-primary font-bold">pjstarter::pages.metadata.meta_title</p>
            <p>About us | App</p>
        </div>

        <div class="data mt-[3%]">
            <p class="font-primary font-bold">pjstarter::pages.metadata.meta_description</p>
                            <p>About us page</p>
                    </div>

        <div class="data mt-[3%]">
            <p class="font-primary font-bold">pjstarter::pages.metadata.meta_keywords</p>
                            <p>about us, app</p>
                    </div>

        <div class="data mt-[3%]">
            <p class="font-primary font-bold">pjstarter::pages.metadata.canonical_url</p>
                            <p>https://app.com/about-us</p>
                    </div>

        <div class="data mt-[3%]">
            <p class="font-primary font-bold">pjstarter::pages.metadata.structured_data</p>
                            <p class="italic font-sm">pjstarter::pages.metadata.empty</p>
                    </div>

        <div class="data mt-[3%]">
            <p class="font-primary font-bold">pjstarter::general.created_at</p>
                            <p>30.03.2025 00:00</p>
                    </div>

        <div class="data mt-[3%]">
            <p class="font-primary font-bold">pjstarter::general.updated_at</p>
                            <p>30.03.2025 00:00</p>
                    </div>

    </div>
            </div>
        </div>
    </div>

</body>
</html>
