{
    "message": "pjutils::validation.unique",
    "errors": {
        "name": [
            "pjutils::validation.unique"
        ]
    }
}
