<!DOCTYPE html>
<html>
<head>
<script src="http://localhost/vendor/pjstarter/assets/article-editor.js" defer type="module"></script>




    <meta charset="UTF-8">
    <meta name="viewport" content="width=device-width, user-scalable=no, initial-scale=1.0, maximum-scale=1.0, minimum-scale=1.0">
    <meta http-equiv="X-UA-Compatible" content="ie=edge">
    <meta name="csrf-token" content="{CSRF-TOKEN}">
    <title> pjstarter::pages.articles.new  - App</title>
        <link rel="preconnect" href="https://fonts.googleapis.com">
    <link rel="preconnect" href="https://fonts.gstatic.com" crossorigin>
    <link href="https://fonts.googleapis.com/css2?family=Outfit:wght@200;400;500;700&amp;display=swap" rel="stylesheet">
    <link rel="stylesheet" href="http://localhost/vendor/pjutils/assets/main.css">

            <link rel="stylesheet" href="http://localhost/vendor/pjstarter/assets/app.css">
        <script src="http://localhost/vendor/pjstarter/assets/main.js" defer type="module"></script>
        <link rel="stylesheet" href="http://localhost/vendor/pjstarter/assets/tailwind.css">
    
            <link rel="icon" type="image/svg+xml" href="http://localhost/images/logo/favicon.svg">
    
        
</head>
<body>

    <div class="base-layer">
        <div class="navigation">
    <div class="app-name">
        <div class="initials">
            AP
        </div>

        <a href="/dashboard">App</a>
    </div>

    <div class="items">
                    <div class="item-wrapper">
    <a href="http://localhost/admin/dashboard" class="item">
        <span class="text">pjstarter::general.dashboard</span>

            </a>

    </div>                    <div class="item-wrapper has-sub-items">
    <a href="http://localhost/admin/articles" class="item active">
        <span class="text">pjstarter::pages.articles.title</span>

                    <div class="arrow-wrapper">
    <i class="arrow down"></i>
</div>            </a>

            <div class="sub-items">
                            <div class="item-wrapper">
    <a href="http://localhost/admin/articles/categories" class="item">
        <span class="text">pjstarter::pages.articles.categories.title</span>

            </a>

    </div>                    </div>
    </div>                    <div class="item-wrapper">
    <a href="http://localhost/admin/authors" class="item">
        <span class="text">pjstarter::pages.authors.title</span>

            </a>

    </div>                    <div class="item-wrapper">
    <a href="http://localhost/admin/metadata" class="item">
        <span class="text">pjstarter::pages.metadata.title</span>

            </a>

    </div>            </div>

    <div class="user">
        <div class="initials">
            AD
        </div>

        <div class="info">
            <div class="name">
                Admin
            </div>
            <div class="email">
                admin@example.com
            </div>
        </div>

        <div class="button">
            <div class="arrow-wrapper">
    <i class="arrow right"></i>
</div>        </div>
    </div>
</div>

<div class="user-items">
            <div class="group">
                            <a href="http://localhost/admin/profile" class="item">
                    <span class="text">pjstarter::pages.profile.title</span>
                </a>
                    </div>
        <div class="group">
        <form method="POST" action="http://localhost/api/logout" class="item logout-form">
            <input type="hidden" name="_token" value="{TOKEN}" autocomplete="off">            <a href="http://localhost/api/logout" class="text">pjstarter::general.logout</a>
        </form>
    </div>
</div>
        <div class="content">
            <div class="header">
                <h1>pjstarter::pages.articles.new</h1>

                            </div>

            <div class="body">
                <div class="new-article">
        <div class="grid grid-cols-5 gap-10 max-h-[90%]">
            <div class="article-content col-span-3 overflow-y-auto">
                <p class="font-bold font-primary text-2xl border-b pb-2">pjstarter::pages.articles.content</p>
                <div class="editorjs mt-4" id="editorjs" data-upload-image-url="http://localhost/admin/api/articles/upload-image" data-fetch-image-url="http://localhost/admin/api/articles/fetch-image"></div>
            </div>

            <div class="article-data col-span-2 overflow-y-auto">
                <div class="article-data-wrapper card">
                    <p class="title">pjstarter::pages.articles.other_info</p>

                    <form method="POST" action="http://localhost/admin/api/articles" id="article-form" data-redirect="http://localhost/admin/articles">
    <input type="hidden" name="_token" value="{TOKEN}" autocomplete="off">
    
    <div class="pj-classic">
            <label for="title">pjstarter::pages.articles.article_title</label>
    
            <input type="text" id="title" name="title">
    
    </div>
                        <div class="pj-select">
    <label for="category">pjstarter::pages.articles.category</label>

    <select id="category" name="category">
                                </select>
</div>
                        <div class="pj-select">
    <label for="author">pjstarter::pages.articles.author</label>

    <select id="author" name="author">
                                </select>
</div>
                        <div class="pj-textarea">
    <label for="excerpt">pjstarter::pages.articles.excerpt</label>
    <textarea id="excerpt" name="excerpt"></textarea>
</div>                        <div class="pj-photo-uploader">
    <div class="pj-file">
            <label for="featured_image">pjstarter::pages.articles.featured_image</label>
    
    <input type="file" id="featured_image" name="featured_image">

    </div>
    <div class="previews">
            </div>
</div>                        <div class="pj-select">
    <label for="status">pjstarter::pages.articles.status</label>

    <select id="status" name="status">
                                    <option value="draft">pjstarter::pages.articles.statuses.draft</option>                            <option value="published">pjstarter::pages.articles.statuses.published</option>                            <option value="archived">pjstarter::pages.articles.statuses.archived</option>                        </select>
</div>                        <div class="pj-classic">
            <label for="read_time">pjstarter::pages.articles.read_time</label>
    
            <input type="text" id="read_time" name="read_time">
    
    </div>

            <button class="pj-btn" type="submit">
        pjstarter::general.save
            </button>
    </form>                </div>
            </div>
        </div>
    </div>
            </div>
        </div>
    </div>


</body>
</html>
