<!DOCTYPE html>
<html lang="test">
<head>
    <meta charset="utf-8">
    <meta name="viewport" content="width=device-width, initial-scale=1">
    <meta name="csrf-token" content="">

            <title>Title</title>        <meta name="description" content="Description">        <meta name="keywords" content="Keywords">        <link rel="canonical" href="https://example.com">    
                    
                </head>
</html>
