<!DOCTYPE html>
<html lang="test">
<head>
    <meta charset="utf-8">
    <meta name="viewport" content="width=device-width, initial-scale=1">
    <meta name="csrf-token" content="">

            <title>Title</title>        <meta name="description" content="Description">        <meta name="keywords" content="Keywords">        <link rel="canonical" href="https://example.com">    
                    
            <script type="application/ld+json">
    {"type":"WebPage","name":"Name","description":"Description","url":"https:\/\/example.com","publisher":{"type":"Organization","name":"Name","logo":"https:\/\/example.com\/logo.png"},"image":"https:\/\/example.com\/image.png"}
</script>    </head>
</html>
