<!DOCTYPE html>
<html lang="test">
<head>
    <meta charset="utf-8">
    <meta name="viewport" content="width=device-width, initial-scale=1">
    <meta name="csrf-token" content="">
    <title>Title</title>                                    </head>
</html>
